// Jest Snapshot v1, https://goo.gl/fbAQLP

exports[`@fartts/lib/vec/factories vec2([[Array]]) 1`] = `
Float32Array [
  3,
  4,
]
`;

exports[`@fartts/lib/vec/factories vec2([[Array]]) 2`] = `
Float32Array [
  3,
  4,
  3,
  4,
]
`;

exports[`@fartts/lib/vec/factories vec2([[Float32Array]]) 1`] = `
Float32Array [
  7,
  8,
]
`;

exports[`@fartts/lib/vec/factories vec2([[Float32Array]]) 2`] = `
Float32Array [
  7,
  8,
  7,
  8,
]
`;

exports[`@fartts/lib/vec/factories vec2([1, 2]) 1`] = `
Float32Array [
  1,
  2,
]
`;

exports[`@fartts/lib/vec/factories vec2([1, 2]) 2`] = `
Float32Array [
  1,
  2,
  1,
  2,
]
`;

exports[`@fartts/lib/vec/factories vec2([5, [Array]]) 1`] = `
Float32Array [
  5,
  6,
]
`;

exports[`@fartts/lib/vec/factories vec2([5, [Array]]) 2`] = `
Float32Array [
  5,
  6,
  5,
  6,
]
`;

exports[`@fartts/lib/vec/factories vec3([[Array]]) 1`] = `
Float32Array [
  3,
  4,
  5,
]
`;

exports[`@fartts/lib/vec/factories vec3([[Array]]) 2`] = `
Float32Array [
  5,
  5,
  5,
  5,
]
`;

exports[`@fartts/lib/vec/factories vec3([[Float32Array]]) 1`] = `
Float32Array [
  7,
  8,
  9,
]
`;

exports[`@fartts/lib/vec/factories vec3([[Float32Array]]) 2`] = `
Float32Array [
  9,
  9,
  9,
  9,
]
`;

exports[`@fartts/lib/vec/factories vec3([1, 2, 3]) 1`] = `
Float32Array [
  1,
  2,
  3,
]
`;

exports[`@fartts/lib/vec/factories vec3([1, 2, 3]) 2`] = `
Float32Array [
  3,
  3,
  3,
  3,
]
`;

exports[`@fartts/lib/vec/factories vec3([5, [Array]]) 1`] = `
Float32Array [
  5,
  6,
  7,
]
`;

exports[`@fartts/lib/vec/factories vec3([5, [Array]]) 2`] = `
Float32Array [
  7,
  7,
  7,
  7,
]
`;

exports[`@fartts/lib/vec/factories vec4([[Array]]) 1`] = `
Float32Array [
  3,
  4,
  5,
  6,
]
`;

exports[`@fartts/lib/vec/factories vec4([[Array]]) 2`] = `
Float32Array [
  3,
  3,
  4,
  4,
]
`;

exports[`@fartts/lib/vec/factories vec4([[Float32Array]]) 1`] = `
Float32Array [
  7,
  8,
  9,
  10,
]
`;

exports[`@fartts/lib/vec/factories vec4([[Float32Array]]) 2`] = `
Float32Array [
  7,
  7,
  8,
  8,
]
`;

exports[`@fartts/lib/vec/factories vec4([1, 2, 3, 4]) 1`] = `
Float32Array [
  1,
  2,
  3,
  4,
]
`;

exports[`@fartts/lib/vec/factories vec4([1, 2, 3, 4]) 2`] = `
Float32Array [
  1,
  1,
  2,
  2,
]
`;

exports[`@fartts/lib/vec/factories vec4([5, [Array], 8]) 1`] = `
Float32Array [
  5,
  6,
  7,
  8,
]
`;

exports[`@fartts/lib/vec/factories vec4([5, [Array], 8]) 2`] = `
Float32Array [
  5,
  5,
  6,
  6,
]
`;
