// Jest Snapshot v1, https://goo.gl/fbAQLP

exports[`@fartts/lib/vec/factories vec2([[Array]]) 1`] = `
Vector [
  3,
  4,
]
`;

exports[`@fartts/lib/vec/factories vec2([[Array]]) 2`] = `
Vector [
  3,
  4,
  3,
  4,
]
`;

exports[`@fartts/lib/vec/factories vec2([[Array]]) 3`] = `
Vector [
  3,
  4,
  0,
]
`;

exports[`@fartts/lib/vec/factories vec2([[Array]]) 4`] = `
Vector [
  3,
  4,
  3,
  4,
]
`;

exports[`@fartts/lib/vec/factories vec2([[Vector]]) 1`] = `
Vector [
  7,
  8,
]
`;

exports[`@fartts/lib/vec/factories vec2([[Vector]]) 2`] = `
Vector [
  7,
  8,
  7,
  8,
]
`;

exports[`@fartts/lib/vec/factories vec2([[Vector]]) 3`] = `
Vector [
  7,
  8,
  0,
]
`;

exports[`@fartts/lib/vec/factories vec2([[Vector]]) 4`] = `
Vector [
  7,
  8,
  7,
  8,
]
`;

exports[`@fartts/lib/vec/factories vec2([1, 2]) 1`] = `
Vector [
  1,
  2,
]
`;

exports[`@fartts/lib/vec/factories vec2([1, 2]) 2`] = `
Vector [
  1,
  2,
  1,
  2,
]
`;

exports[`@fartts/lib/vec/factories vec2([1, 2]) 3`] = `
Vector [
  1,
  2,
  0,
]
`;

exports[`@fartts/lib/vec/factories vec2([1, 2]) 4`] = `
Vector [
  1,
  2,
  1,
  2,
]
`;

exports[`@fartts/lib/vec/factories vec2([5, [Array]]) 1`] = `
Vector [
  5,
  6,
]
`;

exports[`@fartts/lib/vec/factories vec2([5, [Array]]) 2`] = `
Vector [
  5,
  6,
  5,
  6,
]
`;

exports[`@fartts/lib/vec/factories vec2([5, [Array]]) 3`] = `
Vector [
  5,
  6,
  0,
]
`;

exports[`@fartts/lib/vec/factories vec2([5, [Array]]) 4`] = `
Vector [
  5,
  6,
  5,
  6,
]
`;

exports[`@fartts/lib/vec/factories vec3([[Array]]) 1`] = `
Vector [
  3,
  4,
  5,
]
`;

exports[`@fartts/lib/vec/factories vec3([[Array]]) 2`] = `
Vector [
  5,
  5,
  5,
  5,
]
`;

exports[`@fartts/lib/vec/factories vec3([[Array]]) 3`] = `
Vector [
  3,
  4,
  5,
  0,
]
`;

exports[`@fartts/lib/vec/factories vec3([[Vector]]) 1`] = `
Vector [
  7,
  8,
  9,
]
`;

exports[`@fartts/lib/vec/factories vec3([[Vector]]) 2`] = `
Vector [
  9,
  9,
  9,
  9,
]
`;

exports[`@fartts/lib/vec/factories vec3([[Vector]]) 3`] = `
Vector [
  7,
  8,
  9,
  0,
]
`;

exports[`@fartts/lib/vec/factories vec3([1, 2, 3]) 1`] = `
Vector [
  1,
  2,
  3,
]
`;

exports[`@fartts/lib/vec/factories vec3([1, 2, 3]) 2`] = `
Vector [
  3,
  3,
  3,
  3,
]
`;

exports[`@fartts/lib/vec/factories vec3([1, 2, 3]) 3`] = `
Vector [
  1,
  2,
  3,
  0,
]
`;

exports[`@fartts/lib/vec/factories vec3([5, [Array]]) 1`] = `
Vector [
  5,
  6,
  7,
]
`;

exports[`@fartts/lib/vec/factories vec3([5, [Array]]) 2`] = `
Vector [
  7,
  7,
  7,
  7,
]
`;

exports[`@fartts/lib/vec/factories vec3([5, [Array]]) 3`] = `
Vector [
  5,
  6,
  7,
  0,
]
`;

exports[`@fartts/lib/vec/factories vec4([[Array]]) 1`] = `
Vector [
  3,
  4,
  5,
  6,
]
`;

exports[`@fartts/lib/vec/factories vec4([[Array]]) 2`] = `
Vector [
  3,
  3,
  4,
  4,
]
`;

exports[`@fartts/lib/vec/factories vec4([[Array]]) 3`] = `
Vector [
  3,
  4,
  4,
  3,
]
`;

exports[`@fartts/lib/vec/factories vec4([[Array]]) 4`] = `
Vector [
  4,
  4,
  4,
  0,
]
`;

exports[`@fartts/lib/vec/factories vec4([[Vector]]) 1`] = `
Vector [
  7,
  8,
  9,
  10,
]
`;

exports[`@fartts/lib/vec/factories vec4([[Vector]]) 2`] = `
Vector [
  7,
  7,
  8,
  8,
]
`;

exports[`@fartts/lib/vec/factories vec4([[Vector]]) 3`] = `
Vector [
  7,
  8,
  8,
  7,
]
`;

exports[`@fartts/lib/vec/factories vec4([[Vector]]) 4`] = `
Vector [
  8,
  8,
  8,
  0,
]
`;

exports[`@fartts/lib/vec/factories vec4([1, 2, 3, 4]) 1`] = `
Vector [
  1,
  2,
  3,
  4,
]
`;

exports[`@fartts/lib/vec/factories vec4([1, 2, 3, 4]) 2`] = `
Vector [
  1,
  1,
  2,
  2,
]
`;

exports[`@fartts/lib/vec/factories vec4([1, 2, 3, 4]) 3`] = `
Vector [
  1,
  2,
  2,
  1,
]
`;

exports[`@fartts/lib/vec/factories vec4([1, 2, 3, 4]) 4`] = `
Vector [
  2,
  2,
  2,
  0,
]
`;

exports[`@fartts/lib/vec/factories vec4([5, [Array], 8]) 1`] = `
Vector [
  5,
  6,
  7,
  8,
]
`;

exports[`@fartts/lib/vec/factories vec4([5, [Array], 8]) 2`] = `
Vector [
  5,
  5,
  6,
  6,
]
`;

exports[`@fartts/lib/vec/factories vec4([5, [Array], 8]) 3`] = `
Vector [
  5,
  6,
  6,
  5,
]
`;

exports[`@fartts/lib/vec/factories vec4([5, [Array], 8]) 4`] = `
Vector [
  6,
  6,
  6,
  0,
]
`;
